1790612177169 --------- beginning of main
1790612177169 2026-09-28 23:16:14.372 10226  9784  9784 I Zygote  : Process 9784 created for dev.jevbridge.logprobe
1790612177172 2026-09-28 23:16:14.373 10226  9784  9784 I bridge.logprobe: Late-enabling -Xcheck:jni
1790612177172 2026-09-28 23:16:14.402 10226  9784  9784 I bridge.logprobe: Using CollectorTypeCMC GC.
1790612177172 2026-09-28 23:16:14.524 10226  9784  9784 D nativeloader: Load libframework-connectivity-tiramisu-jni.so using APEX ns com_android_tethering for caller /apex/com.android.tethering/javalib/framework-connectivity-t.jar: ok
1790612177172 2026-09-28 23:16:14.742 10226  9784  9784 D nativeloader: Configuring clns-9 for other apk /data/app/~~gfQBLhWKvODG4bHeg6DUwg==/dev.jevbridge.logprobe-6hTxKC_lNsuKWAqywik0pQ==/base.apk. target_sdk_version=36, uses_libraries=, library_path=/data/app/~~gfQBLhWKvODG4bHeg6DUwg==/dev.jevbridge.logprobe-6hTxKC_lNsuKWAqywik0pQ==/lib/arm64, permitted_path=/data:/mnt/expand:/data/user/0/dev.jevbridge.logprobe
1790612177172 2026-09-28 23:16:14.833 10226  9784  9784 V GraphicsEnvironment: Currently set values for:
1790612177172 2026-09-28 23:16:14.833 10226  9784  9784 V GraphicsEnvironment:   angle_gl_driver_selection_pkgs=[]
1790612177172 2026-09-28 23:16:14.834 10226  9784  9784 V GraphicsEnvironment:   angle_gl_driver_selection_values=[]
1790612177172 2026-09-28 23:16:14.834 10226  9784  9784 V GraphicsEnvironment: dev.jevbridge.logprobe is not listed in per-application setting
1790612177172 2026-09-28 23:16:14.834 10226  9784  9784 V GraphicsEnvironment: ANGLE allowlist from config: com.dreamgames.royalmatch com.dts.freefiremax com.dxx.firenow com.gramgames.mergedragons com.ludo.king com.mojang.minecraftpe com.my.defense com.nintendo.zaka com.os.airforce com.playrix.fishdomdd.gplay io.teslatech.callbreak jp.konami.prospia net.peakgames.toonblast
1790612177172 2026-09-28 23:16:14.835 10226  9784  9784 V GraphicsEnvironment: No special selections for ANGLE, returning default driver choice
1790612177172 2026-09-28 23:16:14.835 10226  9784  9784 V GraphicsEnvironment: Neither updatable production driver nor prerelease driver is supported.
1790612177172 --------- beginning of system
1790612177172 2026-09-28 23:16:14.847 10226  9784  9801 I DisplayManager: Choreographer implicitly registered for the refresh rate.
1790612177172 2026-09-28 23:16:14.872 10226  9784  9784 E ashmem  : Pinning is deprecated since Android Q. Please use trim or other methods.
1790612177172 2026-09-28 23:16:14.900 10226  9784  9784 D CompatChangeReporter: Compat change id reported: 377864165; UID 10226; state: ENABLED
1790612177172 2026-09-28 23:16:14.900 10226  9784  9784 D DesktopExperienceFlags: Toggle override initialized to: false
1790612177172 2026-09-28 23:16:14.900 10226  9784  9784 D DesktopModeFlags: Toggle override initialized to: OVERRIDE_UNSET
1790612177172 2026-09-28 23:16:14.927 10226  9784  9784 V JevProbe: verbose line
1790612177172 2026-09-28 23:16:14.927 10226  9784  9784 D JevProbe: debug line
1790612177172 2026-09-28 23:16:14.928 10226  9784  9784 I JevProbe: info line mode=normal pid=9784
1790612177172 2026-09-28 23:16:14.928 10226  9784  9784 W JevProbe: warn line
1790612177172 2026-09-28 23:16:14.928 10226  9784  9784 E JevProbe: error line
1790612177172 2026-09-28 23:16:14.928 10226  9784  9784 I System.out: System.out println line
1790612177172 2026-09-28 23:16:14.928 10226  9784  9784 W System.err: System.err line
1790612177172 2026-09-28 23:16:14.928 10226  9784  9784 I JevProbe: multi-line first
1790612177172 2026-09-28 23:16:14.928 10226  9784  9784 I JevProbe: multi-line second
1790612177172 2026-09-28 23:16:14.928 10226  9784  9784 I JevProbe: unicode line: café ✓ Tiếng Việt
1790612177172 2026-09-28 23:16:14.928 10226  9784  9784 I JevProbe: secret is hunter2-SECRET and upper HUNTER2-SECRET
1790612177172 2026-09-28 23:16:14.929 10226  9784  9801 I GFXSTREAM: [eglDisplay.cpp(297)] Opening libGLESv1_CM_emulation.so
1790612177172 2026-09-28 23:16:14.930 10226  9784  9784 E JevProbe: handled exception
1790612177172 2026-09-28 23:16:14.930 10226  9784  9784 E JevProbe: java.lang.IllegalArgumentException: handled boom
1790612177172 2026-09-28 23:16:14.930 10226  9784  9784 E JevProbe: 	at dev.jevbridge.logprobe.MainActivity.onCreate(MainActivity.java:35)
1790612177172 2026-09-28 23:16:14.930 10226  9784  9784 E JevProbe: 	at android.app.Activity.performCreate(Activity.java:9306)
1790612177172 2026-09-28 23:16:14.930 10226  9784  9784 E JevProbe: 	at android.app.Activity.performCreate(Activity.java:9284)
1790612177172 2026-09-28 23:16:14.930 10226  9784  9784 E JevProbe: 	at android.app.Instrumentation.callActivityOnCreate(Instrumentation.java:1541)
1790612177172 2026-09-28 23:16:14.930 10226  9784  9784 E JevProbe: 	at android.app.ActivityThread.performLaunchActivity(ActivityThread.java:4480)
1790612177172 2026-09-28 23:16:14.930 10226  9784  9784 E JevProbe: 	at android.app.ActivityThread.handleLaunchActivity(ActivityThread.java:4699)
1790612177172 2026-09-28 23:16:14.930 10226  9784  9784 E JevProbe: 	at android.app.servertransaction.LaunchActivityItem.execute(LaunchActivityItem.java:224)
1790612177172 2026-09-28 23:16:14.930 10226  9784  9784 E JevProbe: 	at android.app.servertransaction.TransactionExecutor.executeNonLifecycleItem(TransactionExecutor.java:133)
1790612177172 2026-09-28 23:16:14.930 10226  9784  9784 E JevProbe: 	at android.app.servertransaction.TransactionExecutor.executeTransactionItems(TransactionExecutor.java:103)
1790612177172 2026-09-28 23:16:14.930 10226  9784  9784 E JevProbe: 	at android.app.servertransaction.TransactionExecutor.execute(TransactionExecutor.java:80)
1790612177172 2026-09-28 23:16:14.930 10226  9784  9784 E JevProbe: 	at android.app.ActivityThread$H.handleMessage(ActivityThread.java:2961)
1790612177172 2026-09-28 23:16:14.930 10226  9784  9784 E JevProbe: 	at android.os.Handler.dispatchMessage(Handler.java:132)
1790612177172 2026-09-28 23:16:14.930 10226  9784  9784 E JevProbe: 	at android.os.Looper.dispatchMessage(Looper.java:333)
1790612177172 2026-09-28 23:16:14.930 10226  9784  9784 E JevProbe: 	at android.os.Looper.loopOnce(Looper.java:263)
1790612177172 2026-09-28 23:16:14.930 10226  9784  9784 E JevProbe: 	at android.os.Looper.loop(Looper.java:367)
1790612177172 2026-09-28 23:16:14.930 10226  9784  9784 E JevProbe: 	at android.app.ActivityThread.main(ActivityThread.java:9287)
1790612177172 2026-09-28 23:16:14.930 10226  9784  9784 E JevProbe: 	at java.lang.reflect.Method.invoke(Native Method)
1790612177172 2026-09-28 23:16:14.930 10226  9784  9784 E JevProbe: 	at com.android.internal.os.RuntimeInit$MethodAndArgsCaller.run(RuntimeInit.java:566)
1790612177172 2026-09-28 23:16:14.930 10226  9784  9784 E JevProbe: 	at com.android.internal.os.ZygoteInit.main(ZygoteInit.java:929)
1790612177172 2026-09-28 23:16:14.934 10226  9784  9804 I JevProbe: tick 1 epochMs=1790612174934
1790612177172 2026-09-28 23:16:14.936 10226  9784  9801 I GFXSTREAM: [eglDisplay.cpp(297)] Opening libGLESv2_emulation.so
1790612177172 2026-09-28 23:16:14.941 10226  9784  9784 W HWUI    : Unknown dataspace 0
1790612177172 2026-09-28 23:16:14.942 10226  9784  9801 W HWUI    : Failed to choose config with EGL_SWAP_BEHAVIOR_PRESERVED, retrying without...
1790612177172 2026-09-28 23:16:14.943 10226  9784  9801 W HWUI    : Failed to initialize 101010-2 format, error = EGL_SUCCESS
1790612177172 2026-09-28 23:16:14.962 10226  9784  9784 D WindowOnBackDispatcher: setTopOnBackInvokedCallback (unwrapped): android.app.Activity$$ExternalSyntheticLambda0@fb3afe5
1790612177172 2026-09-28 23:16:14.962 10226  9784  9784 D VRI[MainActivity]: WindowInsets changed: 1080x2400 statusBars:[0,63,0,0] navigationBars:[0,0,0,63] mandatorySystemGestures:[0,63,0,84] 
1790612177172 2026-09-28 23:16:14.964 10226  9784  9784 I HWUI    : Using FreeType backend (prop=Auto)
1790612177172 2026-09-28 23:16:15.067 10226  9784  9784 D InsetsController: hide(ime())
1790612177172 2026-09-28 23:16:15.067 10226  9784  9784 I ImeTracker: dev.jevbridge.logprobe:8c9e1736: onCancelled at PHASE_CLIENT_ALREADY_HIDDEN
1790612177360 2026-09-28 23:16:15.435 10226  9784  9804 I JevProbe: tick 2 epochMs=1790612175435
1790612177857 2026-09-28 23:16:15.936 10226  9784  9804 I JevProbe: tick 3 epochMs=1790612175936
1790612178359 2026-09-28 23:16:16.436 10226  9784  9804 I JevProbe: tick 4 epochMs=1790612176436
1790612178495 2026-09-28 23:16:16.574 10226  9784  9788 I bridge.logprobe: Compiler allocated 5145KB to compile void android.view.ViewRootImpl.performTraversals()
1790612178858 2026-09-28 23:16:16.937 10226  9784  9804 I JevProbe: tick 5 epochMs=1790612176937
1790612179360 2026-09-28 23:16:17.439 10226  9784  9804 I JevProbe: tick 6 epochMs=1790612177439
1790612179854 2026-09-28 23:16:17.933 10226  9784  9784 I JevProbe: misbehave normal at epochMs=1790612177933
1790612179861 2026-09-28 23:16:17.940 10226  9784  9804 I JevProbe: tick 7 epochMs=1790612177940
1790612180361 2026-09-28 23:16:18.440 10226  9784  9804 I JevProbe: tick 8 epochMs=1790612178440
1790612180862 2026-09-28 23:16:18.941 10226  9784  9804 I JevProbe: tick 9 epochMs=1790612178941
1790612181362 2026-09-28 23:16:19.441 10226  9784  9804 I JevProbe: tick 10 epochMs=1790612179441
1790612181863 2026-09-28 23:16:19.941 10226  9784  9804 I JevProbe: tick 11 epochMs=1790612179941
1790612182363 2026-09-28 23:16:20.442 10226  9784  9804 I JevProbe: tick 12 epochMs=1790612180442
1790612182863 2026-09-28 23:16:20.942 10226  9784  9804 I JevProbe: tick 13 epochMs=1790612180942
1790612183365 2026-09-28 23:16:21.443 10226  9784  9804 I JevProbe: tick 14 epochMs=1790612181443
1790612183865 2026-09-28 23:16:21.944 10226  9784  9804 I JevProbe: tick 15 epochMs=1790612181944
1790612184365 2026-09-28 23:16:22.444 10226  9784  9804 I JevProbe: tick 16 epochMs=1790612182444
1790612184866 2026-09-28 23:16:22.945 10226  9784  9804 I JevProbe: tick 17 epochMs=1790612182945
1790612185367 2026-09-28 23:16:23.446 10226  9784  9804 I JevProbe: tick 18 epochMs=1790612183446
1790612185867 2026-09-28 23:16:23.946 10226  9784  9804 I JevProbe: tick 19 epochMs=1790612183946
1790612186368 2026-09-28 23:16:24.447 10226  9784  9804 I JevProbe: tick 20 epochMs=1790612184447
1790612186869 2026-09-28 23:16:24.948 10226  9784  9804 I JevProbe: tick 21 epochMs=1790612184948
1790612187370 2026-09-28 23:16:25.449 10226  9784  9804 I JevProbe: tick 22 epochMs=1790612185449
1790612187872 2026-09-28 23:16:25.951 10226  9784  9804 I JevProbe: tick 23 epochMs=1790612185951
1790612188373 2026-09-28 23:16:26.452 10226  9784  9804 I JevProbe: tick 24 epochMs=1790612186452
1790612188874 2026-09-28 23:16:26.953 10226  9784  9804 I JevProbe: tick 25 epochMs=1790612186952
1790612192938 EXIT code=null signal=SIGTERM
