1790612219207 --------- beginning of main
1790612219207 2026-09-28 23:16:57.280 10226 10160 10160 I Zygote  : Process 10160 created for dev.jevbridge.logprobe
1790612219209 2026-09-28 23:16:57.288 10226 10160 10160 I bridge.logprobe: Late-enabling -Xcheck:jni
1790612219237 2026-09-28 23:16:57.315 10226 10160 10160 I bridge.logprobe: Using CollectorTypeCMC GC.
1790612219306 2026-09-28 23:16:57.383 10226 10160 10160 D nativeloader: Load libframework-connectivity-tiramisu-jni.so using APEX ns com_android_tethering for caller /apex/com.android.tethering/javalib/framework-connectivity-t.jar: ok
1790612219406 2026-09-28 23:16:57.483 10226 10160 10160 D nativeloader: Configuring clns-9 for other apk /data/app/~~gfQBLhWKvODG4bHeg6DUwg==/dev.jevbridge.logprobe-6hTxKC_lNsuKWAqywik0pQ==/base.apk. target_sdk_version=36, uses_libraries=, library_path=/data/app/~~gfQBLhWKvODG4bHeg6DUwg==/dev.jevbridge.logprobe-6hTxKC_lNsuKWAqywik0pQ==/lib/arm64, permitted_path=/data:/mnt/expand:/data/user/0/dev.jevbridge.logprobe
1790612219411 2026-09-28 23:16:57.489 10226 10160 10160 V GraphicsEnvironment: Currently set values for:
1790612219411 2026-09-28 23:16:57.490 10226 10160 10160 V GraphicsEnvironment:   angle_gl_driver_selection_pkgs=[]
1790612219411 2026-09-28 23:16:57.490 10226 10160 10160 V GraphicsEnvironment:   angle_gl_driver_selection_values=[]
1790612219412 2026-09-28 23:16:57.491 10226 10160 10160 V GraphicsEnvironment: dev.jevbridge.logprobe is not listed in per-application setting
1790612219412 2026-09-28 23:16:57.491 10226 10160 10160 V GraphicsEnvironment: ANGLE allowlist from config: com.dreamgames.royalmatch com.dts.freefiremax com.dxx.firenow com.gramgames.mergedragons com.ludo.king com.mojang.minecraftpe com.my.defense com.nintendo.zaka com.os.airforce com.playrix.fishdomdd.gplay io.teslatech.callbreak jp.konami.prospia net.peakgames.toonblast
1790612219413 2026-09-28 23:16:57.492 10226 10160 10160 V GraphicsEnvironment: No special selections for ANGLE, returning default driver choice
1790612219413 2026-09-28 23:16:57.492 10226 10160 10160 V GraphicsEnvironment: Neither updatable production driver nor prerelease driver is supported.
1790612219431 --------- beginning of system
1790612219431 2026-09-28 23:16:57.510 10226 10160 10177 I DisplayManager: Choreographer implicitly registered for the refresh rate.
1790612219446 2026-09-28 23:16:57.525 10226 10160 10160 E ashmem  : Pinning is deprecated since Android Q. Please use trim or other methods.
1790612219472 2026-09-28 23:16:57.547 10226 10160 10160 D CompatChangeReporter: Compat change id reported: 377864165; UID 10226; state: ENABLED
1790612219473 2026-09-28 23:16:57.549 10226 10160 10160 D DesktopExperienceFlags: Toggle override initialized to: false
1790612219473 2026-09-28 23:16:57.549 10226 10160 10160 D DesktopModeFlags: Toggle override initialized to: OVERRIDE_UNSET
1790612219490 2026-09-28 23:16:57.565 10226 10160 10160 V JevProbe: verbose line
1790612219491 2026-09-28 23:16:57.567 10226 10160 10160 D JevProbe: debug line
1790612219491 2026-09-28 23:16:57.567 10226 10160 10160 I JevProbe: info line mode=crash pid=10160
1790612219491 2026-09-28 23:16:57.567 10226 10160 10160 W JevProbe: warn line
1790612219491 2026-09-28 23:16:57.567 10226 10160 10160 E JevProbe: error line
1790612219491 2026-09-28 23:16:57.567 10226 10160 10160 I System.out: System.out println line
1790612219491 2026-09-28 23:16:57.567 10226 10160 10160 W System.err: System.err line
1790612219491 2026-09-28 23:16:57.567 10226 10160 10160 I JevProbe: multi-line first
1790612219491 2026-09-28 23:16:57.567 10226 10160 10160 I JevProbe: multi-line second
1790612219491 2026-09-28 23:16:57.567 10226 10160 10160 I JevProbe: unicode line: café ✓ Tiếng Việt
1790612219491 2026-09-28 23:16:57.567 10226 10160 10160 I JevProbe: secret is hunter2-SECRET and upper HUNTER2-SECRET
1790612219491 2026-09-28 23:16:57.568 10226 10160 10160 E JevProbe: handled exception
1790612219491 2026-09-28 23:16:57.568 10226 10160 10160 E JevProbe: java.lang.IllegalArgumentException: handled boom
1790612219491 2026-09-28 23:16:57.568 10226 10160 10160 E JevProbe: 	at dev.jevbridge.logprobe.MainActivity.onCreate(MainActivity.java:35)
1790612219491 2026-09-28 23:16:57.568 10226 10160 10160 E JevProbe: 	at android.app.Activity.performCreate(Activity.java:9306)
1790612219491 2026-09-28 23:16:57.568 10226 10160 10160 E JevProbe: 	at android.app.Activity.performCreate(Activity.java:9284)
1790612219491 2026-09-28 23:16:57.568 10226 10160 10160 E JevProbe: 	at android.app.Instrumentation.callActivityOnCreate(Instrumentation.java:1541)
1790612219491 2026-09-28 23:16:57.568 10226 10160 10160 E JevProbe: 	at android.app.ActivityThread.performLaunchActivity(ActivityThread.java:4480)
1790612219491 2026-09-28 23:16:57.568 10226 10160 10160 E JevProbe: 	at android.app.ActivityThread.handleLaunchActivity(ActivityThread.java:4699)
1790612219491 2026-09-28 23:16:57.568 10226 10160 10160 E JevProbe: 	at android.app.servertransaction.LaunchActivityItem.execute(LaunchActivityItem.java:224)
1790612219491 2026-09-28 23:16:57.568 10226 10160 10160 E JevProbe: 	at android.app.servertransaction.TransactionExecutor.executeNonLifecycleItem(TransactionExecutor.java:133)
1790612219491 2026-09-28 23:16:57.568 10226 10160 10160 E JevProbe: 	at android.app.servertransaction.TransactionExecutor.executeTransactionItems(TransactionExecutor.java:103)
1790612219491 2026-09-28 23:16:57.568 10226 10160 10160 E JevProbe: 	at android.app.servertransaction.TransactionExecutor.execute(TransactionExecutor.java:80)
1790612219491 2026-09-28 23:16:57.568 10226 10160 10160 E JevProbe: 	at android.app.ActivityThread$H.handleMessage(ActivityThread.java:2961)
1790612219491 2026-09-28 23:16:57.568 10226 10160 10160 E JevProbe: 	at android.os.Handler.dispatchMessage(Handler.java:132)
1790612219491 2026-09-28 23:16:57.568 10226 10160 10160 E JevProbe: 	at android.os.Looper.dispatchMessage(Looper.java:333)
1790612219491 2026-09-28 23:16:57.568 10226 10160 10160 E JevProbe: 	at android.os.Looper.loopOnce(Looper.java:263)
1790612219491 2026-09-28 23:16:57.568 10226 10160 10160 E JevProbe: 	at android.os.Looper.loop(Looper.java:367)
1790612219491 2026-09-28 23:16:57.568 10226 10160 10160 E JevProbe: 	at android.app.ActivityThread.main(ActivityThread.java:9287)
1790612219491 2026-09-28 23:16:57.568 10226 10160 10160 E JevProbe: 	at java.lang.reflect.Method.invoke(Native Method)
1790612219491 2026-09-28 23:16:57.568 10226 10160 10160 E JevProbe: 	at com.android.internal.os.RuntimeInit$MethodAndArgsCaller.run(RuntimeInit.java:566)
1790612219491 2026-09-28 23:16:57.568 10226 10160 10160 E JevProbe: 	at com.android.internal.os.ZygoteInit.main(ZygoteInit.java:929)
1790612219491 2026-09-28 23:16:57.570 10226 10160 10179 I JevProbe: tick 1 epochMs=1790612217570
1790612219508 2026-09-28 23:16:57.587 10226 10160 10160 W HWUI    : Unknown dataspace 0
1790612219521 2026-09-28 23:16:57.596 10226 10160 10177 I GFXSTREAM: [eglDisplay.cpp(297)] Opening libGLESv1_CM_emulation.so
1790612219521 2026-09-28 23:16:57.596 10226 10160 10177 I GFXSTREAM: [eglDisplay.cpp(297)] Opening libGLESv2_emulation.so
1790612219526 2026-09-28 23:16:57.603 10226 10160 10177 W HWUI    : Failed to choose config with EGL_SWAP_BEHAVIOR_PRESERVED, retrying without...
1790612219526 2026-09-28 23:16:57.605 10226 10160 10177 W HWUI    : Failed to initialize 101010-2 format, error = EGL_SUCCESS
1790612219555 2026-09-28 23:16:57.630 10226 10160 10160 D WindowOnBackDispatcher: setTopOnBackInvokedCallback (unwrapped): android.app.Activity$$ExternalSyntheticLambda0@fb3afe5
1790612219562 2026-09-28 23:16:57.630 10226 10160 10160 D VRI[MainActivity]: WindowInsets changed: 1080x2400 statusBars:[0,63,0,0] navigationBars:[0,0,0,63] mandatorySystemGestures:[0,63,0,84] 
1790612219564 2026-09-28 23:16:57.642 10226 10160 10160 I HWUI    : Using FreeType backend (prop=Auto)
1790612219689 2026-09-28 23:16:57.764 10226 10160 10160 D InsetsController: hide(ime())
1790612219690 2026-09-28 23:16:57.764 10226 10160 10160 I ImeTracker: dev.jevbridge.logprobe:fd329024: onCancelled at PHASE_CLIENT_ALREADY_HIDDEN
1790612219996 2026-09-28 23:16:58.075 10226 10160 10179 I JevProbe: tick 2 epochMs=1790612218075
1790612220195 2026-09-28 23:16:58.274 10226 10160 10166 I bridge.logprobe: Compiler allocated 5145KB to compile void android.view.ViewRootImpl.performTraversals()
1790612220498 2026-09-28 23:16:58.577 10226 10160 10179 I JevProbe: tick 3 epochMs=1790612218577
1790612221000 2026-09-28 23:16:59.078 10226 10160 10179 I JevProbe: tick 4 epochMs=1790612219078
1790612221501 2026-09-28 23:16:59.580 10226 10160 10179 I JevProbe: tick 5 epochMs=1790612219580
1790612222003 2026-09-28 23:17:00.081 10226 10160 10179 I JevProbe: tick 6 epochMs=1790612220081
1790612222492 2026-09-28 23:17:00.570 10226 10160 10160 I JevProbe: misbehave crash at epochMs=1790612220570
1790612222494 2026-09-28 23:17:00.571 10226 10160 10160 D AndroidRuntime: Shutting down VM
1790612222494 --------- beginning of crash
1790612222494 2026-09-28 23:17:00.572 10226 10160 10160 E AndroidRuntime: FATAL EXCEPTION: main
1790612222494 2026-09-28 23:17:00.572 10226 10160 10160 E AndroidRuntime: Process: dev.jevbridge.logprobe, PID: 10160
1790612222494 2026-09-28 23:17:00.572 10226 10160 10160 E AndroidRuntime: java.lang.IllegalStateException: probe crash on main thread
1790612222494 2026-09-28 23:17:00.572 10226 10160 10160 E AndroidRuntime: 	at dev.jevbridge.logprobe.MainActivity.misbehave(MainActivity.java:59)
1790612222494 2026-09-28 23:17:00.572 10226 10160 10160 E AndroidRuntime: 	at dev.jevbridge.logprobe.MainActivity.lambda$onCreate$1$dev-jevbridge-logprobe-MainActivity(MainActivity.java:53)
1790612222494 2026-09-28 23:17:00.572 10226 10160 10160 E AndroidRuntime: 	at dev.jevbridge.logprobe.MainActivity$$ExternalSyntheticLambda2.run(D8$$SyntheticClass:0)
1790612222494 2026-09-28 23:17:00.572 10226 10160 10160 E AndroidRuntime: 	at android.os.Handler.handleCallback(Handler.java:1070)
1790612222494 2026-09-28 23:17:00.572 10226 10160 10160 E AndroidRuntime: 	at android.os.Handler.dispatchMessage(Handler.java:125)
1790612222494 2026-09-28 23:17:00.572 10226 10160 10160 E AndroidRuntime: 	at android.os.Looper.dispatchMessage(Looper.java:333)
1790612222494 2026-09-28 23:17:00.572 10226 10160 10160 E AndroidRuntime: 	at android.os.Looper.loopOnce(Looper.java:263)
1790612222494 2026-09-28 23:17:00.572 10226 10160 10160 E AndroidRuntime: 	at android.os.Looper.loop(Looper.java:367)
1790612222494 2026-09-28 23:17:00.572 10226 10160 10160 E AndroidRuntime: 	at android.app.ActivityThread.main(ActivityThread.java:9287)
1790612222494 2026-09-28 23:17:00.572 10226 10160 10160 E AndroidRuntime: 	at java.lang.reflect.Method.invoke(Native Method)
1790612222494 2026-09-28 23:17:00.572 10226 10160 10160 E AndroidRuntime: 	at com.android.internal.os.RuntimeInit$MethodAndArgsCaller.run(RuntimeInit.java:566)
1790612222494 2026-09-28 23:17:00.572 10226 10160 10160 E AndroidRuntime: 	at com.android.internal.os.ZygoteInit.main(ZygoteInit.java:929)
1790612222509 2026-09-28 23:17:00.581 10226 10160 10179 I JevProbe: tick 7 epochMs=1790612220581
1790612222525 2026-09-28 23:17:00.604 10226 10160 10160 I Process : Sending signal. PID: 10160 SIG: 9
1790612231742 EXIT code=null signal=SIGTERM
