1790612327962 --------- beginning of main
1790612327963 2026-09-28 23:18:45.450 10226 11656 11656 I Zygote  : Process 11656 created for dev.jevbridge.logprobe
1790612327964 2026-09-28 23:18:45.450 10226 11656 11656 I bridge.logprobe: Late-enabling -Xcheck:jni
1790612327964 2026-09-28 23:18:45.472 10226 11656 11656 I bridge.logprobe: Using CollectorTypeCMC GC.
1790612327964 2026-09-28 23:18:45.522 10226 11656 11656 D nativeloader: Load libframework-connectivity-tiramisu-jni.so using APEX ns com_android_tethering for caller /apex/com.android.tethering/javalib/framework-connectivity-t.jar: ok
1790612327964 2026-09-28 23:18:45.643 10226 11656 11656 D nativeloader: Configuring clns-9 for other apk /data/app/~~gfQBLhWKvODG4bHeg6DUwg==/dev.jevbridge.logprobe-6hTxKC_lNsuKWAqywik0pQ==/base.apk. target_sdk_version=36, uses_libraries=, library_path=/data/app/~~gfQBLhWKvODG4bHeg6DUwg==/dev.jevbridge.logprobe-6hTxKC_lNsuKWAqywik0pQ==/lib/arm64, permitted_path=/data:/mnt/expand:/data/user/0/dev.jevbridge.logprobe
1790612327964 2026-09-28 23:18:45.658 10226 11656 11656 V GraphicsEnvironment: Currently set values for:
1790612327964 2026-09-28 23:18:45.658 10226 11656 11656 V GraphicsEnvironment:   angle_gl_driver_selection_pkgs=[]
1790612327964 2026-09-28 23:18:45.658 10226 11656 11656 V GraphicsEnvironment:   angle_gl_driver_selection_values=[]
1790612327964 2026-09-28 23:18:45.658 10226 11656 11656 V GraphicsEnvironment: dev.jevbridge.logprobe is not listed in per-application setting
1790612327964 2026-09-28 23:18:45.658 10226 11656 11656 V GraphicsEnvironment: ANGLE allowlist from config: com.dreamgames.royalmatch com.dts.freefiremax com.dxx.firenow com.gramgames.mergedragons com.ludo.king com.mojang.minecraftpe com.my.defense com.nintendo.zaka com.os.airforce com.playrix.fishdomdd.gplay io.teslatech.callbreak jp.konami.prospia net.peakgames.toonblast
1790612327964 2026-09-28 23:18:45.658 10226 11656 11656 V GraphicsEnvironment: No special selections for ANGLE, returning default driver choice
1790612327964 2026-09-28 23:18:45.659 10226 11656 11656 V GraphicsEnvironment: Neither updatable production driver nor prerelease driver is supported.
1790612327964 --------- beginning of system
1790612327964 2026-09-28 23:18:45.672 10226 11656 11675 I DisplayManager: Choreographer implicitly registered for the refresh rate.
1790612327964 2026-09-28 23:18:45.673 10226 11656 11656 E ashmem  : Pinning is deprecated since Android Q. Please use trim or other methods.
1790612327964 2026-09-28 23:18:45.687 10226 11656 11656 D CompatChangeReporter: Compat change id reported: 377864165; UID 10226; state: ENABLED
1790612327964 2026-09-28 23:18:45.688 10226 11656 11656 D DesktopExperienceFlags: Toggle override initialized to: false
1790612327964 2026-09-28 23:18:45.688 10226 11656 11656 D DesktopModeFlags: Toggle override initialized to: OVERRIDE_UNSET
1790612327964 2026-09-28 23:18:45.704 10226 11656 11656 V JevProbe: verbose line
1790612327964 2026-09-28 23:18:45.704 10226 11656 11656 D JevProbe: debug line
1790612327964 2026-09-28 23:18:45.704 10226 11656 11656 I JevProbe: info line mode=anr pid=11656
1790612327964 2026-09-28 23:18:45.704 10226 11656 11656 W JevProbe: warn line
1790612327964 2026-09-28 23:18:45.704 10226 11656 11656 E JevProbe: error line
1790612327964 2026-09-28 23:18:45.704 10226 11656 11656 I System.out: System.out println line
1790612327964 2026-09-28 23:18:45.704 10226 11656 11656 W System.err: System.err line
1790612327964 2026-09-28 23:18:45.704 10226 11656 11656 I JevProbe: multi-line first
1790612327964 2026-09-28 23:18:45.704 10226 11656 11656 I JevProbe: multi-line second
1790612327964 2026-09-28 23:18:45.704 10226 11656 11656 I JevProbe: unicode line: café ✓ Tiếng Việt
1790612327964 2026-09-28 23:18:45.704 10226 11656 11656 I JevProbe: secret is hunter2-SECRET and upper HUNTER2-SECRET
1790612327964 2026-09-28 23:18:45.705 10226 11656 11656 E JevProbe: handled exception
1790612327964 2026-09-28 23:18:45.705 10226 11656 11656 E JevProbe: java.lang.IllegalArgumentException: handled boom
1790612327964 2026-09-28 23:18:45.705 10226 11656 11656 E JevProbe: 	at dev.jevbridge.logprobe.MainActivity.onCreate(MainActivity.java:35)
1790612327964 2026-09-28 23:18:45.705 10226 11656 11656 E JevProbe: 	at android.app.Activity.performCreate(Activity.java:9306)
1790612327964 2026-09-28 23:18:45.705 10226 11656 11656 E JevProbe: 	at android.app.Activity.performCreate(Activity.java:9284)
1790612327964 2026-09-28 23:18:45.705 10226 11656 11656 E JevProbe: 	at android.app.Instrumentation.callActivityOnCreate(Instrumentation.java:1541)
1790612327964 2026-09-28 23:18:45.705 10226 11656 11656 E JevProbe: 	at android.app.ActivityThread.performLaunchActivity(ActivityThread.java:4480)
1790612327964 2026-09-28 23:18:45.705 10226 11656 11656 E JevProbe: 	at android.app.ActivityThread.handleLaunchActivity(ActivityThread.java:4699)
1790612327964 2026-09-28 23:18:45.705 10226 11656 11656 E JevProbe: 	at android.app.servertransaction.LaunchActivityItem.execute(LaunchActivityItem.java:224)
1790612327964 2026-09-28 23:18:45.705 10226 11656 11656 E JevProbe: 	at android.app.servertransaction.TransactionExecutor.executeNonLifecycleItem(TransactionExecutor.java:133)
1790612327964 2026-09-28 23:18:45.705 10226 11656 11656 E JevProbe: 	at android.app.servertransaction.TransactionExecutor.executeTransactionItems(TransactionExecutor.java:103)
1790612327964 2026-09-28 23:18:45.705 10226 11656 11656 E JevProbe: 	at android.app.servertransaction.TransactionExecutor.execute(TransactionExecutor.java:80)
1790612327964 2026-09-28 23:18:45.705 10226 11656 11656 E JevProbe: 	at android.app.ActivityThread$H.handleMessage(ActivityThread.java:2961)
1790612327964 2026-09-28 23:18:45.705 10226 11656 11656 E JevProbe: 	at android.os.Handler.dispatchMessage(Handler.java:132)
1790612327964 2026-09-28 23:18:45.705 10226 11656 11656 E JevProbe: 	at android.os.Looper.dispatchMessage(Looper.java:333)
1790612327964 2026-09-28 23:18:45.705 10226 11656 11656 E JevProbe: 	at android.os.Looper.loopOnce(Looper.java:263)
1790612327964 2026-09-28 23:18:45.705 10226 11656 11656 E JevProbe: 	at android.os.Looper.loop(Looper.java:367)
1790612327964 2026-09-28 23:18:45.705 10226 11656 11656 E JevProbe: 	at android.app.ActivityThread.main(ActivityThread.java:9287)
1790612327964 2026-09-28 23:18:45.705 10226 11656 11656 E JevProbe: 	at java.lang.reflect.Method.invoke(Native Method)
1790612327964 2026-09-28 23:18:45.705 10226 11656 11656 E JevProbe: 	at com.android.internal.os.RuntimeInit$MethodAndArgsCaller.run(RuntimeInit.java:566)
1790612327964 2026-09-28 23:18:45.705 10226 11656 11656 E JevProbe: 	at com.android.internal.os.ZygoteInit.main(ZygoteInit.java:929)
1790612327964 2026-09-28 23:18:45.708 10226 11656 11677 I JevProbe: tick 1 epochMs=1790612325708
1790612327964 2026-09-28 23:18:45.721 10226 11656 11656 W HWUI    : Unknown dataspace 0
1790612327964 2026-09-28 23:18:45.743 10226 11656 11675 I GFXSTREAM: [eglDisplay.cpp(297)] Opening libGLESv1_CM_emulation.so
1790612327964 2026-09-28 23:18:45.745 10226 11656 11675 I GFXSTREAM: [eglDisplay.cpp(297)] Opening libGLESv2_emulation.so
1790612327964 2026-09-28 23:18:45.752 10226 11656 11675 W HWUI    : Failed to choose config with EGL_SWAP_BEHAVIOR_PRESERVED, retrying without...
1790612327964 2026-09-28 23:18:45.753 10226 11656 11675 W HWUI    : Failed to initialize 101010-2 format, error = EGL_SUCCESS
1790612327964 2026-09-28 23:18:45.790 10226 11656 11656 D WindowOnBackDispatcher: setTopOnBackInvokedCallback (unwrapped): android.app.Activity$$ExternalSyntheticLambda0@fb3afe5
1790612327964 2026-09-28 23:18:45.791 10226 11656 11656 D VRI[MainActivity]: WindowInsets changed: 1080x2400 statusBars:[0,63,0,0] navigationBars:[0,0,0,63] mandatorySystemGestures:[0,63,0,84] 
1790612327964 2026-09-28 23:18:45.792 10226 11656 11656 I HWUI    : Using FreeType backend (prop=Auto)
1790612327964 2026-09-28 23:18:45.915 10226 11656 11656 D InsetsController: hide(ime())
1790612327964 2026-09-28 23:18:45.916 10226 11656 11656 I ImeTracker: dev.jevbridge.logprobe:79e5534: onCancelled at PHASE_CLIENT_ALREADY_HIDDEN
1790612328132 2026-09-28 23:18:46.209 10226 11656 11677 I JevProbe: tick 2 epochMs=1790612326209
1790612328402 2026-09-28 23:18:46.478 10226 11656 11663 I bridge.logprobe: Compiler allocated 5145KB to compile void android.view.ViewRootImpl.performTraversals()
1790612328632 2026-09-28 23:18:46.710 10226 11656 11677 I JevProbe: tick 3 epochMs=1790612326710
1790612329134 2026-09-28 23:18:47.211 10226 11656 11677 I JevProbe: tick 4 epochMs=1790612327211
1790612329634 2026-09-28 23:18:47.712 10226 11656 11677 I JevProbe: tick 5 epochMs=1790612327712
1790612330134 2026-09-28 23:18:48.212 10226 11656 11677 I JevProbe: tick 6 epochMs=1790612328212
1790612330630 2026-09-28 23:18:48.707 10226 11656 11656 I JevProbe: misbehave anr at epochMs=1790612328707
1790612330635 2026-09-28 23:18:48.713 10226 11656 11677 I JevProbe: tick 7 epochMs=1790612328713
1790612331137 2026-09-28 23:18:49.214 10226 11656 11677 I JevProbe: tick 8 epochMs=1790612329214
1790612331637 2026-09-28 23:18:49.716 10226 11656 11677 I JevProbe: tick 9 epochMs=1790612329716
1790612332139 2026-09-28 23:18:50.218 10226 11656 11677 I JevProbe: tick 10 epochMs=1790612330218
1790612332641 2026-09-28 23:18:50.719 10226 11656 11677 I JevProbe: tick 11 epochMs=1790612330719
1790612333142 2026-09-28 23:18:51.220 10226 11656 11677 I JevProbe: tick 12 epochMs=1790612331219
1790612333645 2026-09-28 23:18:51.723 10226 11656 11677 I JevProbe: tick 13 epochMs=1790612331723
1790612334146 2026-09-28 23:18:52.224 10226 11656 11677 I JevProbe: tick 14 epochMs=1790612332224
1790612334648 2026-09-28 23:18:52.726 10226 11656 11677 I JevProbe: tick 15 epochMs=1790612332726
1790612335150 2026-09-28 23:18:53.228 10226 11656 11677 I JevProbe: tick 16 epochMs=1790612333228
1790612335651 2026-09-28 23:18:53.729 10226 11656 11677 I JevProbe: tick 17 epochMs=1790612333729
1790612336152 2026-09-28 23:18:54.230 10226 11656 11677 I JevProbe: tick 18 epochMs=1790612334230
1790612336653 2026-09-28 23:18:54.731 10226 11656 11677 I JevProbe: tick 19 epochMs=1790612334731
1790612337155 2026-09-28 23:18:55.231 10226 11656 11677 I JevProbe: tick 20 epochMs=1790612335231
1790612337239 2026-09-28 23:18:55.318 10226 11656 11660 I bridge.logprobe: Thread[2,tid=11660,WaitingInMainSignalCatcherLoop,Thread*=0xb400007830e1b2c0,peer=0x2158020,"Signal Catcher"]: reacting to signal 3
1790612337240 2026-09-28 23:18:55.318 10226 11656 11660 I bridge.logprobe: 
1790612337294 2026-09-28 23:18:55.372 10226 11656 11660 I bridge.logprobe: Wrote stack traces to tombstoned
1790612337657 2026-09-28 23:18:55.733 10226 11656 11677 I JevProbe: tick 21 epochMs=1790612335733
1790612338156 2026-09-28 23:18:56.234 10226 11656 11677 I JevProbe: tick 22 epochMs=1790612336233
1790612338657 2026-09-28 23:18:56.735 10226 11656 11677 I JevProbe: tick 23 epochMs=1790612336735
1790612339157 2026-09-28 23:18:57.235 10226 11656 11677 I JevProbe: tick 24 epochMs=1790612337235
1790612339658 2026-09-28 23:18:57.736 10226 11656 11677 I JevProbe: tick 25 epochMs=1790612337735
1790612339929 EXIT code=null signal=SIGTERM
