1790612274956 --------- beginning of main
1790612274957 2026-09-28 23:17:52.424 10226 11361 11361 I Zygote  : Process 11361 created for dev.jevbridge.logprobe
1790612274957 2026-09-28 23:17:52.424 10226 11361 11361 I bridge.logprobe: Late-enabling -Xcheck:jni
1790612274957 2026-09-28 23:17:52.446 10226 11361 11361 I bridge.logprobe: Using CollectorTypeCMC GC.
1790612274957 2026-09-28 23:17:52.452 10226 11361 11361 D nativeloader: Load libframework-connectivity-tiramisu-jni.so using APEX ns com_android_tethering for caller /apex/com.android.tethering/javalib/framework-connectivity-t.jar: ok
1790612274957 2026-09-28 23:17:52.558 10226 11361 11361 D nativeloader: Configuring clns-9 for other apk /data/app/~~gfQBLhWKvODG4bHeg6DUwg==/dev.jevbridge.logprobe-6hTxKC_lNsuKWAqywik0pQ==/base.apk. target_sdk_version=36, uses_libraries=, library_path=/data/app/~~gfQBLhWKvODG4bHeg6DUwg==/dev.jevbridge.logprobe-6hTxKC_lNsuKWAqywik0pQ==/lib/arm64, permitted_path=/data:/mnt/expand:/data/user/0/dev.jevbridge.logprobe
1790612274957 2026-09-28 23:17:52.571 10226 11361 11361 V GraphicsEnvironment: Currently set values for:
1790612274957 2026-09-28 23:17:52.572 10226 11361 11361 V GraphicsEnvironment:   angle_gl_driver_selection_pkgs=[]
1790612274957 2026-09-28 23:17:52.572 10226 11361 11361 V GraphicsEnvironment:   angle_gl_driver_selection_values=[]
1790612274957 2026-09-28 23:17:52.572 10226 11361 11361 V GraphicsEnvironment: dev.jevbridge.logprobe is not listed in per-application setting
1790612274957 2026-09-28 23:17:52.572 10226 11361 11361 V GraphicsEnvironment: ANGLE allowlist from config: com.dreamgames.royalmatch com.dts.freefiremax com.dxx.firenow com.gramgames.mergedragons com.ludo.king com.mojang.minecraftpe com.my.defense com.nintendo.zaka com.os.airforce com.playrix.fishdomdd.gplay io.teslatech.callbreak jp.konami.prospia net.peakgames.toonblast
1790612274957 2026-09-28 23:17:52.574 10226 11361 11361 V GraphicsEnvironment: No special selections for ANGLE, returning default driver choice
1790612274957 2026-09-28 23:17:52.576 10226 11361 11361 V GraphicsEnvironment: Neither updatable production driver nor prerelease driver is supported.
1790612274957 --------- beginning of system
1790612274957 2026-09-28 23:17:52.613 10226 11361 11377 I DisplayManager: Choreographer implicitly registered for the refresh rate.
1790612274957 2026-09-28 23:17:52.624 10226 11361 11361 E ashmem  : Pinning is deprecated since Android Q. Please use trim or other methods.
1790612274957 2026-09-28 23:17:52.639 10226 11361 11361 D CompatChangeReporter: Compat change id reported: 377864165; UID 10226; state: ENABLED
1790612274957 2026-09-28 23:17:52.640 10226 11361 11361 D DesktopExperienceFlags: Toggle override initialized to: false
1790612274957 2026-09-28 23:17:52.640 10226 11361 11361 D DesktopModeFlags: Toggle override initialized to: OVERRIDE_UNSET
1790612274957 2026-09-28 23:17:52.671 10226 11361 11361 V JevProbe: verbose line
1790612274957 2026-09-28 23:17:52.671 10226 11361 11361 D JevProbe: debug line
1790612274957 2026-09-28 23:17:52.671 10226 11361 11361 I JevProbe: info line mode=finish pid=11361
1790612274957 2026-09-28 23:17:52.671 10226 11361 11361 W JevProbe: warn line
1790612274957 2026-09-28 23:17:52.671 10226 11361 11361 E JevProbe: error line
1790612274957 2026-09-28 23:17:52.671 10226 11361 11361 I System.out: System.out println line
1790612274957 2026-09-28 23:17:52.671 10226 11361 11361 W System.err: System.err line
1790612274957 2026-09-28 23:17:52.671 10226 11361 11361 I JevProbe: multi-line first
1790612274957 2026-09-28 23:17:52.671 10226 11361 11361 I JevProbe: multi-line second
1790612274957 2026-09-28 23:17:52.671 10226 11361 11361 I JevProbe: unicode line: café ✓ Tiếng Việt
1790612274957 2026-09-28 23:17:52.672 10226 11361 11361 I JevProbe: secret is hunter2-SECRET and upper HUNTER2-SECRET
1790612274957 2026-09-28 23:17:52.673 10226 11361 11361 E JevProbe: handled exception
1790612274957 2026-09-28 23:17:52.673 10226 11361 11361 E JevProbe: java.lang.IllegalArgumentException: handled boom
1790612274957 2026-09-28 23:17:52.673 10226 11361 11361 E JevProbe: 	at dev.jevbridge.logprobe.MainActivity.onCreate(MainActivity.java:35)
1790612274957 2026-09-28 23:17:52.673 10226 11361 11361 E JevProbe: 	at android.app.Activity.performCreate(Activity.java:9306)
1790612274957 2026-09-28 23:17:52.673 10226 11361 11361 E JevProbe: 	at android.app.Activity.performCreate(Activity.java:9284)
1790612274957 2026-09-28 23:17:52.673 10226 11361 11361 E JevProbe: 	at android.app.Instrumentation.callActivityOnCreate(Instrumentation.java:1541)
1790612274957 2026-09-28 23:17:52.673 10226 11361 11361 E JevProbe: 	at android.app.ActivityThread.performLaunchActivity(ActivityThread.java:4480)
1790612274957 2026-09-28 23:17:52.673 10226 11361 11361 E JevProbe: 	at android.app.ActivityThread.handleLaunchActivity(ActivityThread.java:4699)
1790612274957 2026-09-28 23:17:52.673 10226 11361 11361 E JevProbe: 	at android.app.servertransaction.LaunchActivityItem.execute(LaunchActivityItem.java:224)
1790612274957 2026-09-28 23:17:52.673 10226 11361 11361 E JevProbe: 	at android.app.servertransaction.TransactionExecutor.executeNonLifecycleItem(TransactionExecutor.java:133)
1790612274957 2026-09-28 23:17:52.673 10226 11361 11361 E JevProbe: 	at android.app.servertransaction.TransactionExecutor.executeTransactionItems(TransactionExecutor.java:103)
1790612274957 2026-09-28 23:17:52.673 10226 11361 11361 E JevProbe: 	at android.app.servertransaction.TransactionExecutor.execute(TransactionExecutor.java:80)
1790612274957 2026-09-28 23:17:52.673 10226 11361 11361 E JevProbe: 	at android.app.ActivityThread$H.handleMessage(ActivityThread.java:2961)
1790612274957 2026-09-28 23:17:52.673 10226 11361 11361 E JevProbe: 	at android.os.Handler.dispatchMessage(Handler.java:132)
1790612274957 2026-09-28 23:17:52.673 10226 11361 11361 E JevProbe: 	at android.os.Looper.dispatchMessage(Looper.java:333)
1790612274957 2026-09-28 23:17:52.673 10226 11361 11361 E JevProbe: 	at android.os.Looper.loopOnce(Looper.java:263)
1790612274957 2026-09-28 23:17:52.673 10226 11361 11361 E JevProbe: 	at android.os.Looper.loop(Looper.java:367)
1790612274957 2026-09-28 23:17:52.673 10226 11361 11361 E JevProbe: 	at android.app.ActivityThread.main(ActivityThread.java:9287)
1790612274957 2026-09-28 23:17:52.673 10226 11361 11361 E JevProbe: 	at java.lang.reflect.Method.invoke(Native Method)
1790612274957 2026-09-28 23:17:52.673 10226 11361 11361 E JevProbe: 	at com.android.internal.os.RuntimeInit$MethodAndArgsCaller.run(RuntimeInit.java:566)
1790612274957 2026-09-28 23:17:52.673 10226 11361 11361 E JevProbe: 	at com.android.internal.os.ZygoteInit.main(ZygoteInit.java:929)
1790612274957 2026-09-28 23:17:52.675 10226 11361 11379 I JevProbe: tick 1 epochMs=1790612272675
1790612274957 2026-09-28 23:17:52.713 10226 11361 11361 W HWUI    : Unknown dataspace 0
1790612274957 2026-09-28 23:17:52.728 10226 11361 11377 I GFXSTREAM: [eglDisplay.cpp(297)] Opening libGLESv1_CM_emulation.so
1790612274957 2026-09-28 23:17:52.728 10226 11361 11377 I GFXSTREAM: [eglDisplay.cpp(297)] Opening libGLESv2_emulation.so
1790612274957 2026-09-28 23:17:52.735 10226 11361 11377 W HWUI    : Failed to choose config with EGL_SWAP_BEHAVIOR_PRESERVED, retrying without...
1790612274957 2026-09-28 23:17:52.737 10226 11361 11377 W HWUI    : Failed to initialize 101010-2 format, error = EGL_SUCCESS
1790612274957 2026-09-28 23:17:52.763 10226 11361 11361 D WindowOnBackDispatcher: setTopOnBackInvokedCallback (unwrapped): android.app.Activity$$ExternalSyntheticLambda0@fb3afe5
1790612274957 2026-09-28 23:17:52.764 10226 11361 11361 D VRI[MainActivity]: WindowInsets changed: 1080x2400 statusBars:[0,63,0,0] navigationBars:[0,0,0,63] mandatorySystemGestures:[0,63,0,84] 
1790612274957 2026-09-28 23:17:52.764 10226 11361 11361 I HWUI    : Using FreeType backend (prop=Auto)
1790612274957 2026-09-28 23:17:52.895 10226 11361 11361 D InsetsController: hide(ime())
1790612274957 2026-09-28 23:17:52.899 10226 11361 11361 I ImeTracker: dev.jevbridge.logprobe:e98597e: onCancelled at PHASE_CLIENT_ALREADY_HIDDEN
1790612275108 2026-09-28 23:17:53.186 10226 11361 11379 I JevProbe: tick 2 epochMs=1790612273186
1790612275437 2026-09-28 23:17:53.516 10226 11361 11367 I bridge.logprobe: Compiler allocated 5145KB to compile void android.view.ViewRootImpl.performTraversals()
1790612275610 2026-09-28 23:17:53.688 10226 11361 11379 I JevProbe: tick 3 epochMs=1790612273688
1790612276111 2026-09-28 23:17:54.189 10226 11361 11379 I JevProbe: tick 4 epochMs=1790612274189
1790612276612 2026-09-28 23:17:54.690 10226 11361 11379 I JevProbe: tick 5 epochMs=1790612274690
1790612277114 2026-09-28 23:17:55.192 10226 11361 11379 I JevProbe: tick 6 epochMs=1790612275192
1790612277598 2026-09-28 23:17:55.676 10226 11361 11361 I JevProbe: misbehave finish at epochMs=1790612275676
1790612277615 2026-09-28 23:17:55.692 10226 11361 11379 I JevProbe: tick 7 epochMs=1790612275692
1790612278003 2026-09-28 23:17:56.081 10226 11361 11361 D VRI[MainActivity]: visibilityChanged oldVisibility=true newVisibility=false
1790612278032 2026-09-28 23:17:56.110 10226 11361 11361 D WindowOnBackDispatcher: setTopOnBackInvokedCallback (unwrapped): null
1790612278035 2026-09-28 23:17:56.113 10226 11361 11361 D ViewRootImpl: Skipping stats log for color mode
1790612278114 2026-09-28 23:17:56.193 10226 11361 11379 I JevProbe: tick 8 epochMs=1790612276193
1790612278615 2026-09-28 23:17:56.693 10226 11361 11379 I JevProbe: tick 9 epochMs=1790612276693
1790612279116 2026-09-28 23:17:57.195 10226 11361 11379 I JevProbe: tick 10 epochMs=1790612277195
1790612279620 2026-09-28 23:17:57.697 10226 11361 11379 I JevProbe: tick 11 epochMs=1790612277697
1790612280124 2026-09-28 23:17:58.200 10226 11361 11379 I JevProbe: tick 12 epochMs=1790612278200
1790612280622 2026-09-28 23:17:58.700 10226 11361 11379 I JevProbe: tick 13 epochMs=1790612278700
1790612281123 2026-09-28 23:17:59.201 10226 11361 11379 I JevProbe: tick 14 epochMs=1790612279201
1790612281625 2026-09-28 23:17:59.703 10226 11361 11379 I JevProbe: tick 15 epochMs=1790612279703
1790612282126 2026-09-28 23:18:00.204 10226 11361 11379 I JevProbe: tick 16 epochMs=1790612280204
1790612282626 2026-09-28 23:18:00.704 10226 11361 11379 I JevProbe: tick 17 epochMs=1790612280704
1790612283127 2026-09-28 23:18:01.205 10226 11361 11379 I JevProbe: tick 18 epochMs=1790612281205
1790612283628 2026-09-28 23:18:01.706 10226 11361 11379 I JevProbe: tick 19 epochMs=1790612281706
1790612284130 2026-09-28 23:18:02.208 10226 11361 11379 I JevProbe: tick 20 epochMs=1790612282208
1790612284631 2026-09-28 23:18:02.709 10226 11361 11379 I JevProbe: tick 21 epochMs=1790612282709
1790612285131 2026-09-28 23:18:03.209 10226 11361 11379 I JevProbe: tick 22 epochMs=1790612283209
1790612285632 2026-09-28 23:18:03.710 10226 11361 11379 I JevProbe: tick 23 epochMs=1790612283710
1790612286133 2026-09-28 23:18:04.211 10226 11361 11379 I JevProbe: tick 24 epochMs=1790612284211
1790612286633 2026-09-28 23:18:04.711 10226 11361 11379 I JevProbe: tick 25 epochMs=1790612284711
1790612286875 EXIT code=null signal=SIGTERM
