1790612574408 --------- beginning of main
1790612574409 2026-09-28 23:22:52.479 10225 15149 15149 I Zygote  : Process 15149 created for dev.jevbridge.diagnostic
1790612574409 2026-09-28 23:22:52.481 10225 15149 15149 I idge.diagnostic: Late-enabling -Xcheck:jni
1790612574445 2026-09-28 23:22:52.522 10225 15149 15149 I idge.diagnostic: Using CollectorTypeCMC GC.
1790612574575 2026-09-28 23:22:52.651 10225 15149 15149 D nativeloader: Load libframework-connectivity-tiramisu-jni.so using APEX ns com_android_tethering for caller /apex/com.android.tethering/javalib/framework-connectivity-t.jar: ok
1790612574846 2026-09-28 23:22:52.923 10225 15149 15149 D ApplicationLoaders: Returning zygote-cached class loader: /system_ext/framework/androidx.window.extensions.jar
1790612574847 2026-09-28 23:22:52.924 10225 15149 15149 D ApplicationLoaders: Returning zygote-cached class loader: /system_ext/framework/androidx.window.sidecar.jar
1790612575175 2026-09-28 23:22:53.251 10225 15149 15149 D nativeloader: Configuring clns-9 for other apk /data/app/~~0-oxJFaGDZ0wTd0CCL-A0g==/dev.jevbridge.diagnostic-yhB86cb5QGiiQ03jcIQGbw==/base.apk. target_sdk_version=36, uses_libraries=, library_path=/data/app/~~0-oxJFaGDZ0wTd0CCL-A0g==/dev.jevbridge.diagnostic-yhB86cb5QGiiQ03jcIQGbw==/lib/arm64:/data/app/~~0-oxJFaGDZ0wTd0CCL-A0g==/dev.jevbridge.diagnostic-yhB86cb5QGiiQ03jcIQGbw==/base.apk!/lib/arm64-v8a, permitted_path=/data:/mnt/expand:/data/user/0/dev.jevbridge.diagnostic
1790612575195 2026-09-28 23:22:53.272 10225 15149 15149 V GraphicsEnvironment: Currently set values for:
1790612575196 2026-09-28 23:22:53.272 10225 15149 15149 V GraphicsEnvironment:   angle_gl_driver_selection_pkgs=[]
1790612575196 2026-09-28 23:22:53.272 10225 15149 15149 V GraphicsEnvironment:   angle_gl_driver_selection_values=[]
1790612575196 2026-09-28 23:22:53.272 10225 15149 15149 V GraphicsEnvironment: dev.jevbridge.diagnostic is not listed in per-application setting
1790612575196 2026-09-28 23:22:53.273 10225 15149 15149 V GraphicsEnvironment: ANGLE allowlist from config: com.dreamgames.royalmatch com.dts.freefiremax com.dxx.firenow com.gramgames.mergedragons com.ludo.king com.mojang.minecraftpe com.my.defense com.nintendo.zaka com.os.airforce com.playrix.fishdomdd.gplay io.teslatech.callbreak jp.konami.prospia net.peakgames.toonblast
1790612575196 2026-09-28 23:22:53.273 10225 15149 15149 V GraphicsEnvironment: No special selections for ANGLE, returning default driver choice
1790612575196 2026-09-28 23:22:53.273 10225 15149 15149 V GraphicsEnvironment: Neither updatable production driver nor prerelease driver is supported.
1790612575208 --------- beginning of system
1790612575208 2026-09-28 23:22:53.285 10225 15149 15203 I DisplayManager: Choreographer implicitly registered for the refresh rate.
1790612575214 2026-09-28 23:22:53.291 10225 15149 15149 E ashmem  : Pinning is deprecated since Android Q. Please use trim or other methods.
1790612575222 2026-09-28 23:22:53.299 10225 15149 15149 D CompatChangeReporter: Compat change id reported: 377864165; UID 10225; state: ENABLED
1790612575223 2026-09-28 23:22:53.300 10225 15149 15149 D DesktopExperienceFlags: Toggle override initialized to: false
1790612575223 2026-09-28 23:22:53.300 10225 15149 15149 D DesktopModeFlags: Toggle override initialized to: OVERRIDE_UNSET
1790612575245 2026-09-28 23:22:53.322 10225 15149 15149 W HWUI    : Unknown dataspace 0
1790612575254 2026-09-28 23:22:53.330 10225 15149 15203 I GFXSTREAM: [eglDisplay.cpp(297)] Opening libGLESv1_CM_emulation.so
1790612575254 2026-09-28 23:22:53.330 10225 15149 15203 I GFXSTREAM: [eglDisplay.cpp(297)] Opening libGLESv2_emulation.so
1790612575255 2026-09-28 23:22:53.332 10225 15149 15203 W HWUI    : Failed to choose config with EGL_SWAP_BEHAVIOR_PRESERVED, retrying without...
1790612575255 2026-09-28 23:22:53.332 10225 15149 15203 W HWUI    : Failed to initialize 101010-2 format, error = EGL_SUCCESS
1790612575282 2026-09-28 23:22:53.358 10225 15149 15149 D WindowOnBackDispatcher: setTopOnBackInvokedCallback (unwrapped): android.app.Activity$$ExternalSyntheticLambda0@7d016d3
1790612575353 2026-09-28 23:22:53.430 10225 15149 15149 I idge.diagnostic: hiddenapi: Accessing hidden method Landroid/os/SystemProperties;->addChangeCallback(Ljava/lang/Runnable;)V (runtime_flags=0, domain=platform, api=unsupported) from Landroidx/compose/ui/platform/AndroidComposeView$Companion; (domain=app, TargetSdkVersion=36) using reflection: allowed
1790612575381 2026-09-28 23:22:53.457 10225 15149 15149 D VRI[MainActivity]: WindowInsets changed: 1080x2400 statusBars:[0,63,0,0] navigationBars:[0,0,0,63] mandatorySystemGestures:[0,63,0,84] 
1790612575388 2026-09-28 23:22:53.465 10225 15149 15149 I HWUI    : Using FreeType backend (prop=Auto)
1790612575520 2026-09-28 23:22:53.597 10225 15149 15149 D InsetsController: hide(ime())
1790612575521 2026-09-28 23:22:53.599 10225 15149 15149 I ImeTracker: dev.jevbridge.diagnostic:6efd7abe: onCancelled at PHASE_CLIENT_ALREADY_HIDDEN
1790612576480 2026-09-28 23:22:54.557 10225 15149 15155 I idge.diagnostic: Compiler allocated 5145KB to compile void android.view.ViewRootImpl.performTraversals()
1790612576725 2026-09-28 23:22:54.801 10225 15149 15149 D AndroidRuntime: Shutting down VM
1790612576725 --------- beginning of crash
1790612576725 2026-09-28 23:22:54.801 10225 15149 15149 E AndroidRuntime: FATAL EXCEPTION: main
1790612576725 2026-09-28 23:22:54.801 10225 15149 15149 E AndroidRuntime: Process: dev.jevbridge.diagnostic, PID: 15149
1790612576725 2026-09-28 23:22:54.801 10225 15149 15149 E AndroidRuntime: android.app.RemoteServiceException$CrashedByAdbException: shell-induced crash
1790612576725 2026-09-28 23:22:54.801 10225 15149 15149 E AndroidRuntime: 	at android.app.ActivityThread.throwRemoteServiceException(ActivityThread.java:2513)
1790612576725 2026-09-28 23:22:54.801 10225 15149 15149 E AndroidRuntime: 	at android.app.ActivityThread.-$$Nest$mthrowRemoteServiceException(Unknown Source:0)
1790612576725 2026-09-28 23:22:54.801 10225 15149 15149 E AndroidRuntime: 	at android.app.ActivityThread$H.handleMessage(ActivityThread.java:2879)
1790612576725 2026-09-28 23:22:54.801 10225 15149 15149 E AndroidRuntime: 	at android.os.Handler.dispatchMessage(Handler.java:132)
1790612576725 2026-09-28 23:22:54.801 10225 15149 15149 E AndroidRuntime: 	at android.os.Looper.dispatchMessage(Looper.java:333)
1790612576725 2026-09-28 23:22:54.801 10225 15149 15149 E AndroidRuntime: 	at android.os.Looper.loopOnce(Looper.java:263)
1790612576725 2026-09-28 23:22:54.801 10225 15149 15149 E AndroidRuntime: 	at android.os.Looper.loop(Looper.java:367)
1790612576725 2026-09-28 23:22:54.801 10225 15149 15149 E AndroidRuntime: 	at android.app.ActivityThread.main(ActivityThread.java:9287)
1790612576725 2026-09-28 23:22:54.801 10225 15149 15149 E AndroidRuntime: 	at java.lang.reflect.Method.invoke(Native Method)
1790612576725 2026-09-28 23:22:54.801 10225 15149 15149 E AndroidRuntime: 	at com.android.internal.os.RuntimeInit$MethodAndArgsCaller.run(RuntimeInit.java:566)
1790612576725 2026-09-28 23:22:54.801 10225 15149 15149 E AndroidRuntime: 	at com.android.internal.os.ZygoteInit.main(ZygoteInit.java:929)
1790612576748 2026-09-28 23:22:54.825 10225 15149 15149 I Process : Sending signal. PID: 15149 SIG: 9
1790612579829 EXIT code=null signal=SIGTERM
